// Jest Snapshot v1, https://goo.gl/fbAQLP

exports[`LocalizableDropdown renders LocalizableDropdown with defaultLanguageId without pass props 1`] = `
<div>
  <div
    class="dropdown localizable-dropdown"
  >
    <button
      class="dropdown-toggle btn btn-sm btn-secondary"
      style=""
      symbol="en-US"
      type="button"
    >
      <span
        class="inline-item"
      >
        <svg
          class="lexicon-icon lexicon-icon-en-us"
          role="presentation"
        >
          <use
            xlink:href="#en-us"
          />
        </svg>
      </span>
      <span
        class="btn-section"
      >
        en-US
      </span>
    </button>
  </div>
</div>
`;
