// Jest Snapshot v1, https://goo.gl/fbAQLP

exports[`LocalizableDropdown renders dropdown menu when clicked 1`] = `
<body>
  <div>
    <div
      class="dropdown localizable-dropdown"
    >
      <button
        class="dropdown-toggle btn btn-sm btn-secondary"
        style=""
        symbol="en-US"
        type="button"
      >
        <span
          class="inline-item"
        >
          <svg
            class="lexicon-icon lexicon-icon-en-us"
            role="presentation"
          >
            <use
              xlink:href="#en-us"
            />
          </svg>
        </span>
        <span
          class="btn-section"
        >
          en-US
        </span>
      </button>
    </div>
  </div>
  <div>
    <div>
      <div
        class="dropdown-menu show"
        style="left: -999px; top: -995px;"
      >
        <ul
          class="list-unstyled localizable-dropdown-ul"
        >
          <li>
            <button
              class="dropdown-item autofit-row"
            >
              <span
                class="autofit-col autofit-col-expand"
              >
                <span
                  class="autofit-section"
                >
                  <span
                    class="inline-item inline-item-before"
                  >
                    <svg
                      class="lexicon-icon lexicon-icon-ar-sa"
                      role="presentation"
                    >
                      <use
                        xlink:href="#ar-sa"
                      />
                    </svg>
                  </span>
                  ar-SA
                </span>
              </span>
            </button>
          </li>
          <li>
            <button
              class="dropdown-item autofit-row"
            >
              <span
                class="autofit-col autofit-col-expand"
              >
                <span
                  class="autofit-section"
                >
                  <span
                    class="inline-item inline-item-before"
                  >
                    <svg
                      class="lexicon-icon lexicon-icon-ca-es"
                      role="presentation"
                    >
                      <use
                        xlink:href="#ca-es"
                      />
                    </svg>
                  </span>
                  ca-ES
                </span>
              </span>
            </button>
          </li>
          <li>
            <button
              class="dropdown-item autofit-row"
            >
              <span
                class="autofit-col autofit-col-expand"
              >
                <span
                  class="autofit-section"
                >
                  <span
                    class="inline-item inline-item-before"
                  >
                    <svg
                      class="lexicon-icon lexicon-icon-de-de"
                      role="presentation"
                    >
                      <use
                        xlink:href="#de-de"
                      />
                    </svg>
                  </span>
                  de-DE
                </span>
              </span>
            </button>
          </li>
          <li>
            <button
              class="dropdown-item autofit-row"
            >
              <span
                class="autofit-col autofit-col-expand"
              >
                <span
                  class="autofit-section"
                >
                  <span
                    class="inline-item inline-item-before"
                  >
                    <svg
                      class="lexicon-icon lexicon-icon-en-us"
                      role="presentation"
                    >
                      <use
                        xlink:href="#en-us"
                      />
                    </svg>
                  </span>
                  en-US
                </span>
              </span>
            </button>
          </li>
          <li>
            <button
              class="dropdown-item autofit-row"
            >
              <span
                class="autofit-col autofit-col-expand"
              >
                <span
                  class="autofit-section"
                >
                  <span
                    class="inline-item inline-item-before"
                  >
                    <svg
                      class="lexicon-icon lexicon-icon-es-es"
                      role="presentation"
                    >
                      <use
                        xlink:href="#es-es"
                      />
                    </svg>
                  </span>
                  es-ES
                </span>
              </span>
            </button>
          </li>
          <li>
            <button
              class="dropdown-item autofit-row"
            >
              <span
                class="autofit-col autofit-col-expand"
              >
                <span
                  class="autofit-section"
                >
                  <span
                    class="inline-item inline-item-before"
                  >
                    <svg
                      class="lexicon-icon lexicon-icon-fi-fi"
                      role="presentation"
                    >
                      <use
                        xlink:href="#fi-fi"
                      />
                    </svg>
                  </span>
                  fi-FI
                </span>
              </span>
            </button>
          </li>
          <li>
            <button
              class="dropdown-item autofit-row"
            >
              <span
                class="autofit-col autofit-col-expand"
              >
                <span
                  class="autofit-section"
                >
                  <span
                    class="inline-item inline-item-before"
                  >
                    <svg
                      class="lexicon-icon lexicon-icon-fr-fr"
                      role="presentation"
                    >
                      <use
                        xlink:href="#fr-fr"
                      />
                    </svg>
                  </span>
                  fr-FR
                </span>
              </span>
            </button>
          </li>
          <li>
            <button
              class="dropdown-item autofit-row"
            >
              <span
                class="autofit-col autofit-col-expand"
              >
                <span
                  class="autofit-section"
                >
                  <span
                    class="inline-item inline-item-before"
                  >
                    <svg
                      class="lexicon-icon lexicon-icon-hu-hu"
                      role="presentation"
                    >
                      <use
                        xlink:href="#hu-hu"
                      />
                    </svg>
                  </span>
                  hu-HU
                </span>
              </span>
            </button>
          </li>
          <li>
            <button
              class="dropdown-item autofit-row"
            >
              <span
                class="autofit-col autofit-col-expand"
              >
                <span
                  class="autofit-section"
                >
                  <span
                    class="inline-item inline-item-before"
                  >
                    <svg
                      class="lexicon-icon lexicon-icon-ja-jp"
                      role="presentation"
                    >
                      <use
                        xlink:href="#ja-jp"
                      />
                    </svg>
                  </span>
                  ja-JP
                </span>
              </span>
            </button>
          </li>
          <li>
            <button
              class="dropdown-item autofit-row"
            >
              <span
                class="autofit-col autofit-col-expand"
              >
                <span
                  class="autofit-section"
                >
                  <span
                    class="inline-item inline-item-before"
                  >
                    <svg
                      class="lexicon-icon lexicon-icon-nl-nl"
                      role="presentation"
                    >
                      <use
                        xlink:href="#nl-nl"
                      />
                    </svg>
                  </span>
                  nl-NL
                </span>
              </span>
            </button>
          </li>
          <li>
            <button
              class="dropdown-item autofit-row"
            >
              <span
                class="autofit-col autofit-col-expand"
              >
                <span
                  class="autofit-section"
                >
                  <span
                    class="inline-item inline-item-before"
                  >
                    <svg
                      class="lexicon-icon lexicon-icon-pt-br"
                      role="presentation"
                    >
                      <use
                        xlink:href="#pt-br"
                      />
                    </svg>
                  </span>
                  pt-BR
                </span>
              </span>
            </button>
          </li>
          <li>
            <button
              class="dropdown-item autofit-row"
            >
              <span
                class="autofit-col autofit-col-expand"
              >
                <span
                  class="autofit-section"
                >
                  <span
                    class="inline-item inline-item-before"
                  >
                    <svg
                      class="lexicon-icon lexicon-icon-sv-se"
                      role="presentation"
                    >
                      <use
                        xlink:href="#sv-se"
                      />
                    </svg>
                  </span>
                  sv-SE
                </span>
              </span>
            </button>
          </li>
          <li>
            <button
              class="dropdown-item autofit-row"
            >
              <span
                class="autofit-col autofit-col-expand"
              >
                <span
                  class="autofit-section"
                >
                  <span
                    class="inline-item inline-item-before"
                  >
                    <svg
                      class="lexicon-icon lexicon-icon-zh-cn"
                      role="presentation"
                    >
                      <use
                        xlink:href="#zh-cn"
                      />
                    </svg>
                  </span>
                  zh-CN
                </span>
              </span>
            </button>
          </li>
        </ul>
      </div>
    </div>
  </div>
</body>
`;
